
   PASS  Tests\Feature\Auth\AuthenticationTest
  Γ£ô login screen can be rendered                                        55.83s  
  Γ£ô users can authenticate using the login screen                        4.09s  
  Γ£ô users can not authenticate with invalid password                     0.44s  
  Γ£ô navigation menu can be rendered                                      0.21s  
  Γ£ô users can logout                                                     0.14s  

   PASS  Tests\Feature\Auth\PasswordUpdateTest
  Γ£ô password can be updated                                             11.44s  
  Γ£ô correct password must be provided to update password                 0.42s  

   PASS  Tests\Feature\Auth\RegistrationTest
  Γ£ô registration screen can be rendered                                  2.28s  
  Γ£ô new users can register                                               0.41s  

   PASS  Tests\Feature\ProfileTest
  Γ£ô settings page is displayed                                           6.13s  
  Γ£ô profile information can be updated                                   0.30s  
  Γ£ô email verification status is unchanged when the email address is unΓÇª 0.52s  
  Γ£ô user can delete their account                                        0.19s  
  Γ£ô correct password must be provided to delete account                  0.24s  

   PASS  Tests\Feature\Settings\PasswordUpdateTest
  Γ£ô password can be updated                                              0.38s  
  Γ£ô correct password must be provided to update password                 0.39s  

   PASS  Tests\Feature\Settings\ProfileUpdateTest
  Γ£ô profile page is displayed                                            0.27s  
  Γ£ô profile information can be updated                                   0.48s  
  Γ£ô email verification status is unchanged when email address is unchanΓÇª 0.58s  
  Γ£ô user can delete their account                                        0.23s  
  Γ£ô correct password must be provided to delete account                  0.30s  

   PASS  Tests\Feature\StudentQuizAutoOpenTest
  Γ£ô it redirects a student to a scheduled quiz when the start time hasΓÇª  0.17s  
  Γ£ô it updates the user status when a lecturer applies a ban from the mΓÇª 0.13s  

  Tests:    23 passed (72 assertions)
  Duration: 86.31s

